exports[`TransactionAmount component renders correctly 1`] = `
<div
  className="row">
  <div
    className="col-md-4 col-sm-4">
    <label
      className="control-label"
      htmlFor={undefined}>
      *Amount
    </label>
  </div>
  <div
    className="col-md-8 col-sm-8" />
</div>
`;

exports[`TransactionAmountSelection component renders correctly 1`] = `<div />`;
