exports[`Footer component renders correctly 1`] = `
<div
  className="row">
  <div
    className="col-md-12 no-left-pad no-right-pad">
    <div
      className="mm-footer-main">
      <span
        className="fsection">
        <i
          className="glyphicon glyphicon-lock" />
         Online Security
      </span>
      <span
        className="v-divider">
        Â 
      </span>
      <span
        className="fsection">
        <i
          className="glyphicon glyphicon-globe" />
         HSBC Group
      </span>
      <span
        className="fsection pull-right">
        <i
          className="glyphicon glyphicon-earphone" />
         Customer Support
      </span>
    </div>
  </div>
  <div
    className="col-md-12">
    <div
      className="mm-footer-end">
      <span
        className="fsection">
        Terms and Conditions of Use
      </span>
      <span
        className="fsection">
        Privacy and Data Protection statement
      </span>
      <span
        className="fsection">
        HSBCnet condition of national language use
      </span>
      <br />
      <br />
      <p>
        <small>
          No endorsement or approval of any third parties or their adivce, opinions, information, products or services is expressed or implied by any  information on this site or by nay hyperlinks to or from any third party websites or pages. Your use of this website is subject to the terms and conditions governing it. Please read these terms  and conditions before using the website.
        </small>
      </p>
    </div>
  </div>
</div>
`;

exports[`Navbar component renders correctly 1`] = `
<nav
  className="navbar navbar-inverse">
  <div
    className="container">
    <div
      className="navbar-header">
      <a
        className="navbar-brand"
        href="#">
        HSBCnet
      </a>
      <span
        className="navbar-brand">
        Priority Payment
      </span>
      <button
        className="navbar-toggle collapsed"
        onClick={[Function]}
        type="button">
        <span
          className="sr-only">
          Toggle navigation
        </span>
        <span
          className="icon-bar" />
        <span
          className="icon-bar" />
        <span
          className="icon-bar" />
      </button>
    </div>
    <div
      aria-expanded={null}
      className="navbar-collapse collapse">
      <ul
        className="nav navbar-nav navbar-right"
        role={null}>
        <li
          className="dropdown"
          style={undefined}>
          <a
            aria-expanded={false}
            aria-haspopup={true}
            className="dropdown-toggle"
            href="#"
            id="basic-nav-dropdown"
            onClick={[Function]}
            onKeyDown={[Function]}
            role="button">
            Account
             
            <span
              className="caret" />
          </a>
          <ul
            aria-labelledby="basic-nav-dropdown"
            className="dropdown-menu"
            role="menu">
            <li
              className=""
              role="presentation"
              style={undefined}>
              <a
                href="#"
                onClick={[Function]}
                onKeyDown={[Function]}
                role="menuitem"
                tabIndex="-1">
                Profile
              </a>
            </li>
            <li
              className=""
              role="presentation"
              style={undefined}>
              <a
                href="#"
                onClick={[Function]}
                onKeyDown={[Function]}
                role="menuitem"
                tabIndex="-1">
                Settings
              </a>
            </li>
            <li
              className="divider"
              onKeyDown={[Function]}
              role="separator"
              style={undefined} />
            <li
              className=""
              role="presentation"
              style={undefined}>
              <a
                href="#"
                onClick={[Function]}
                onKeyDown={[Function]}
                role="menuitem"
                tabIndex="-1">
                Logout
              </a>
            </li>
          </ul>
        </li>
      </ul>
    </div>
  </div>
</nav>
`;

exports[`Navsteps component renders correctly 1`] = `
<ul
  className="mm-nav-steps nav nav-pills nav-justified"
  role={null}>
  <li
    className="mm-nav-step active disabled"
    role="presentation"
    style={undefined}>
    <a
      href="#"
      onClick={[Function]}
      role="button"
      style={
        Object {
          "pointerEvents": "none",
        }
      }
      tabIndex={-1}>
      1. Transfer details
    </a>
  </li>
  <li
    className="mm-nav-step disabled"
    role="presentation"
    style={undefined}>
    <a
      href="#"
      onClick={[Function]}
      role="button"
      style={
        Object {
          "pointerEvents": "none",
        }
      }
      tabIndex={-1}>
      2. Verify
    </a>
  </li>
  <li
    className="mm-nav-step disabled"
    role="presentation"
    style={undefined}>
    <a
      href="#"
      onClick={[Function]}
      role="button"
      style={
        Object {
          "pointerEvents": "none",
        }
      }
      tabIndex={-1}>
      3. Confirmation
    </a>
  </li>
</ul>
`;
